clang version 7.0.0-3~ubuntu0.18.04.1 (tags/RELEASE_700/final)
gdb a.out
GNU gdb (Ubuntu 8.1.1-0ubuntu1) 8.1.1
Copyright (C) 2018 Free Software Foundation, Inc.
License GPLv3+: GNU GPL version 3 or later <http://gnu.org/licenses/gpl.html>
This is free software: you are free to change and redistribute it.
There is NO WARRANTY, to the extent permitted by law.  Type "show copying"
and "show warranty" for details.
This GDB was configured as "x86_64-linux-gnu".
Type "show configuration" for configuration details.
For bug reporting instructions, please see:
<http://www.gnu.org/software/gdb/bugs/>.
Find the GDB manual and other documentation resources online at:
<http://www.gnu.org/software/gdb/documentation/>.
For help, type "help".
Type "apropos word" to search for commands related to "word"...
Reading symbols from a.out...done.
(gdb) b main
Breakpoint 1 at 0x81e: file p3original.c, line 25.
(gdb) r
Starting program: /home/runner/pps-IA1-practice-1/a.out 
warning: Error disabling address space randomization: Operation not permitted

Breakpoint 1, main () at p3original.c:25
25    n=input();
(gdb) n
enter the number 
s
26    sum=sum_(n);
(gdb) p
The history is empty.
(gdb) l
21  }
22  int main()
23  {
24    int n,sum;
25    n=input();
26    sum=sum_(n);
27    output(n,sum);
28    return 0;
29  }(gdb) c
Continuing.

sum of 32586 numbers = 530939991[Inferior 1 (process 392) exited normally]
(gdb) 