clang version 7.0.0-3~ubuntu0.18.04.1 (tags/RELEASE_700/final)
gcc -g p6original.c
îº§ gdb a.out
GNU gdb (Ubuntu 8.1.1-0ubuntu1) 8.1.1
Copyright (C) 2018 Free Software Foundation, Inc.
License GPLv3+: GNU GPL version 3 or later <http://gnu.org/licenses/gpl.html>
This is free software: you are free to change and redistribute it.
There is NO WARRANTY, to the extent permitted by law.  Type "show copying"
and "show warranty" for details.
This GDB was configured as "x86_64-linux-gnu".
Type "show configuration" for configuration details.
For bug reporting instructions, please see:
<http://www.gnu.org/software/gdb/bugs/>.
Find the GDB manual and other documentation resources online at:
<http://www.gnu.org/software/gdb/documentation/>.
For help, type "help".
Type "apropos word" to search for commands related to "word"...
Reading symbols from a.out...done.
(gdb) b main
Breakpoint 1 at 0x8a2: file p6original.c, line 36.
(gdb) r
Starting program: /home/runner/pps-IA1-practice-1/a.out 
warning: Error disabling address space randomization: Operation not permitted

Breakpoint 1, main () at p6original.c:36
36  {
(gdb) n
39    input(str1,str2);
(gdb) s
input (str1=0x7ffd9659c260 "\001", str2=0x7ffd9659c280 "\020\t")
    at p6original.c:6
6     printf("enter the first string:\n");
(gdb) p
The history is empty.
(gdb) l
1   #include<stdio.h>
2   #include<string.h>
3   #include<stdlib.h>
4   void input(char *str1,char *str2)
5   {
6     printf("enter the first string:\n");
7     scanf("%s",str1);
8     printf("enter the second string:\n");
9     scanf("%s",str2);
10
(gdb) c
Continuing.
enter the first string:
