clang version 7.0.0-3~ubuntu0.18.04.1 (tags/RELEASE_700/final)
gcc p7original.c
îº§ gdb a.out
GNU gdb (Ubuntu 8.1.1-0ubuntu1) 8.1.1
Copyright (C) 2018 Free Software Foundation, Inc.
License GPLv3+: GNU GPL version 3 or later <http://gnu.org/licenses/gpl.html>
This is free software: you are free to change and redistribute it.
There is NO WARRANTY, to the extent permitted by law.  Type "show copying"
and "show warranty" for details.
This GDB was configured as "x86_64-linux-gnu".
Type "show configuration" for configuration details.
For bug reporting instructions, please see:
<http://www.gnu.org/software/gdb/bugs/>.
Find the GDB manual and other documentation resources online at:
<http://www.gnu.org/software/gdb/documentation/>.
For help, type "help".
Type "apropos word" to search for commands related to "word"...
Reading symbols from a.out...(no debugging symbols found)...done.
(gdb) b main
Breakpoint 1 at 0x76e
(gdb) b main
Note: breakpoint 1 also set at pc 0x76e.
Breakpoint 2 at 0x76e
(gdb) r
Starting program: /home/runner/pps-IA1-practice-1/a.out 
warning: Error disabling address space randomization: Operation not permitted

Breakpoint 1, 0x0000564582a0076e in main ()
(gdb) n
Single stepping until exit from function main,
which has no line number information.
For 1st complex number 
Enter the real and imaginary parts: s

For 2nd complex number 
__libc_start_main (main=0x564582a0076a <main>, argc=1, argv=0x7ffdd05e3638, 
    init=<optimized out>, fini=<optimized out>, rtld_fini=<optimized out>, 
    stack_end=0x7ffdd05e3628) at ../csu/libc-start.c:344
344 ../csu/libc-start.c: No such file or directory.
(gdb) p
The history is empty.
(gdb) l
339 in ../csu/libc-start.c
(gdb) c
Continuing.
Enter the real and imaginary parts: Sum = -0.0 + 0.0i[Inferior 1 (process 1113) exited normally]
(gdb) 